


ARM Macro Assembler    Page 1 


    1 00000000                 AREA             |.text|,CODE,READONLY,ALIGN=2
    2 00000000                 THUMB
    3 00000000                 EXTERN           stpCurrent
    4 00000000                 EXPORT           SysTick_Handler
    5 00000000                 EXPORT           OSSchedulerLaunch
    6 00000000         
    7 00000000         SysTick_Handler                      ;save r0,r1,r2,r3,r
                                                            12,lr,pc,psr      
    8 00000000 B672            CPSID            I
    9 00000002 E92D 0FF0       PUSH             {R4-R11}    ;save r4,r5,r6,r7,r
                                                            8,r9,r10,r11   
   10 00000006 480D            LDR              R0, =stpCurrent ; r0 points to 
                                                            currentPt       
   11 00000008 6801            LDR              R1, [R0]    ; r1= currentPt   
   12 0000000A F8C1 D000       STR              SP, [R1]
   13 0000000E 6849            LDR              R1, [R1,#4] ; r1 =currentPt->ne
                                                            xt   
   14 00000010 6001            STR              R1, [R0]    ;currentPt =r1   
   15 00000012 F8D1 D000       LDR              SP, [R1]    ;SP= currentPt->sta
                                                            ckPt   
   16 00000016 E8BD 0FF0       POP              {R4-R11}
   17 0000001A B662            CPSIE            I
   18 0000001C 4770            BX               LR
   19 0000001E         
   20 0000001E         
   21 0000001E         
   22 0000001E         OSSchedulerLaunch
   23 0000001E 4807            LDR              R0, =stpCurrent
   24 00000020 6802            LDR              R2, [R0]    ; R2 =currentPt    
                                                               
   25 00000022 F8D2 D000       LDR              SP, [R2]    ;SP = currentPt->st
                                                            ackPt    
   26 00000026 E8BD 0FF0       POP              {R4-R11}
   27 0000002A BC0F            POP              {R0-R3}
   28 0000002C F85D CB04       POP              {R12}
   29 00000030 B001            ADD              SP,SP,#4
   30 00000032 F85D EB04       POP              {LR}
   31 00000036 B001            ADD              SP,SP,#4
   32 00000038 B662            CPSIE            I
   33 0000003A 4770            BX               LR
   34 0000003C         
   35 0000003C                 ALIGN
   36 0000003C                 END
              00000000 
Command Line: --debug --xref --diag_suppress=9931 --cpu=Cortex-M4.fp --apcs=int
erwork --depend=.\objects\oskernel_1.d -o.\objects\oskernel_1.o -I.\RTE\_stm32f
407 -IC:\Keil_v5\ARM\PACK\ARM\CMSIS\5.4.0\CMSIS\Core\Include -IC:\Keil_v5\ARM\P
ACK\Keil\STM32F4xx_DFP\2.13.0\Drivers\CMSIS\Device\ST\STM32F4xx\Include --prede
fine="__EVAL SETA 1" --predefine="__UVISION_VERSION SETA 526" --predefine="_RTE
_ SETA 1" --predefine="STM32F407xx SETA 1" --list=.\listings\oskernel.lst osKer
nel.s



ARM Macro Assembler    Page 1 Alphabetic symbol ordering
Relocatable symbols

.text 00000000

Symbol: .text
   Definitions
      At line 1 in file osKernel.s
   Uses
      None
Comment: .text unused
OSSchedulerLaunch 0000001E

Symbol: OSSchedulerLaunch
   Definitions
      At line 22 in file osKernel.s
   Uses
      At line 5 in file osKernel.s
Comment: OSSchedulerLaunch used once
SysTick_Handler 00000000

Symbol: SysTick_Handler
   Definitions
      At line 7 in file osKernel.s
   Uses
      At line 4 in file osKernel.s
Comment: SysTick_Handler used once
3 symbols



ARM Macro Assembler    Page 1 Alphabetic symbol ordering
External symbols

stpCurrent 00000000

Symbol: stpCurrent
   Definitions
      At line 3 in file osKernel.s
   Uses
      At line 10 in file osKernel.s
      At line 23 in file osKernel.s

1 symbol
341 symbols in table
